MPLINK 5.08, LINKER
Linker Map File - Created Tue Mar 14 08:42:57 2017

                                 Section Info
                  Section       Type    Address   Location Size(Bytes)
                ---------  ---------  ---------  ---------  ---------
                   .org_0       code   0x000000    program   0x000122
                   .cinit    romdata   0x000091    program   0x000004
.config_2007_BUILD/DEFAULT/PRODUCTION/BINCON.       code   0x002007    program   0x000002
.config_2008_BUILD/DEFAULT/PRODUCTION/BINCON.       code   0x002008    program   0x000002



                              Program Memory Usage 
                               Start         End      
                           ---------   ---------      
                            0x000000    0x000092      
                            0x002007    0x002008      
            149 out of 8455 program addresses used, program memory utilization is 1%



                              Symbols - Sorted by Name
                     Name    Address   Location    Storage File                     
                ---------  ---------  ---------  --------- ---------                
                   ATRASO   0x000022    program     static D:\MICROC\lab_1\binbcd\binbcd.X\bincon.asm
                 BCD_ALTO   0x000031    program     static D:\MICROC\lab_1\binbcd\binbcd.X\bincon.asm
                 BCD_BAJO   0x00003b    program     static D:\MICROC\lab_1\binbcd\binbcd.X\bincon.asm
               CONVERSION   0x00002f    program     static D:\MICROC\lab_1\binbcd\binbcd.X\bincon.asm
               INCREMENTO   0x000013    program     static D:\MICROC\lab_1\binbcd\binbcd.X\bincon.asm
                     INIT   0x000011    program     static D:\MICROC\lab_1\binbcd\binbcd.X\bincon.asm
                    LUCES   0x00004a    program     static D:\MICROC\lab_1\binbcd\binbcd.X\bincon.asm
                 REINICIO   0x00004c    program     static D:\MICROC\lab_1\binbcd\binbcd.X\bincon.asm
                  RETARDO   0x000089    program     static D:\MICROC\lab_1\binbcd\binbcd.X\bincon.asm
                    START   0x000004    program     static D:\MICROC\lab_1\binbcd\binbcd.X\bincon.asm
                SUMA_CIEN   0x000037    program     static D:\MICROC\lab_1\binbcd\binbcd.X\bincon.asm
                SUMA_DIEZ   0x000043    program     static D:\MICROC\lab_1\binbcd\binbcd.X\bincon.asm
             _.org_0_0019   0x000019    program     static D:\MICROC\lab_1\binbcd\binbcd.X\bincon.asm
             _.org_0_0029   0x000029    program     static D:\MICROC\lab_1\binbcd\binbcd.X\bincon.asm
             _.org_0_002B   0x00002b    program     static D:\MICROC\lab_1\binbcd\binbcd.X\bincon.asm
             _.org_0_002D   0x00002d    program     static D:\MICROC\lab_1\binbcd\binbcd.X\bincon.asm
             _.org_0_0086   0x000086    program     static D:\MICROC\lab_1\binbcd\binbcd.X\bincon.asm
             _.org_0_008E   0x00008e    program     static D:\MICROC\lab_1\binbcd\binbcd.X\bincon.asm
             _.org_0_0090   0x000090    program     static D:\MICROC\lab_1\binbcd\binbcd.X\bincon.asm



                              Symbols - Sorted by Address
                     Name    Address   Location    Storage File                     
                ---------  ---------  ---------  --------- ---------                
                    START   0x000004    program     static D:\MICROC\lab_1\binbcd\binbcd.X\bincon.asm
                     INIT   0x000011    program     static D:\MICROC\lab_1\binbcd\binbcd.X\bincon.asm
               INCREMENTO   0x000013    program     static D:\MICROC\lab_1\binbcd\binbcd.X\bincon.asm
             _.org_0_0019   0x000019    program     static D:\MICROC\lab_1\binbcd\binbcd.X\bincon.asm
                   ATRASO   0x000022    program     static D:\MICROC\lab_1\binbcd\binbcd.X\bincon.asm
             _.org_0_0029   0x000029    program     static D:\MICROC\lab_1\binbcd\binbcd.X\bincon.asm
             _.org_0_002B   0x00002b    program     static D:\MICROC\lab_1\binbcd\binbcd.X\bincon.asm
             _.org_0_002D   0x00002d    program     static D:\MICROC\lab_1\binbcd\binbcd.X\bincon.asm
               CONVERSION   0x00002f    program     static D:\MICROC\lab_1\binbcd\binbcd.X\bincon.asm
                 BCD_ALTO   0x000031    program     static D:\MICROC\lab_1\binbcd\binbcd.X\bincon.asm
                SUMA_CIEN   0x000037    program     static D:\MICROC\lab_1\binbcd\binbcd.X\bincon.asm
                 BCD_BAJO   0x00003b    program     static D:\MICROC\lab_1\binbcd\binbcd.X\bincon.asm
                SUMA_DIEZ   0x000043    program     static D:\MICROC\lab_1\binbcd\binbcd.X\bincon.asm
                    LUCES   0x00004a    program     static D:\MICROC\lab_1\binbcd\binbcd.X\bincon.asm
                 REINICIO   0x00004c    program     static D:\MICROC\lab_1\binbcd\binbcd.X\bincon.asm
             _.org_0_0086   0x000086    program     static D:\MICROC\lab_1\binbcd\binbcd.X\bincon.asm
                  RETARDO   0x000089    program     static D:\MICROC\lab_1\binbcd\binbcd.X\bincon.asm
             _.org_0_008E   0x00008e    program     static D:\MICROC\lab_1\binbcd\binbcd.X\bincon.asm
             _.org_0_0090   0x000090    program     static D:\MICROC\lab_1\binbcd\binbcd.X\bincon.asm


